---
source: tests/lexer_integration.rs
expression: "format!(\"{:#?}\", actual_token_types.to_owned())"
---
[
    LineComment(
        "Collections",
    ),
    NewLine,
    Let,
    Id(
        "nums",
    ),
    Eq,
    OpenBracket,
    Int(
        1,
    ),
    Comma,
    Int(
        2,
    ),
    Comma,
    Int(
        3,
    ),
    Comma,
    Int(
        4,
    ),
    CloseBracket,
    NewLine,
    Let,
    Id(
        "scores",
    ),
    Eq,
    OpenBrace,
    Str(
        "Alice",
    ),
    Colon,
    Int(
        90,
    ),
    Comma,
    Str(
        "Bob",
    ),
    Colon,
    Int(
        85,
    ),
    CloseBrace,
    NewLine,
    Let,
    Id(
        "matrix",
    ),
    Eq,
    OpenBracket,
    OpenBracket,
    Int(
        1,
    ),
    Comma,
    Int(
        2,
    ),
    CloseBracket,
    Comma,
    OpenBracket,
    Int(
        3,
    ),
    Comma,
    Int(
        4,
    ),
    CloseBracket,
    CloseBracket,
    NewLine,
    Let,
    Id(
        "emptyList",
    ),
    Eq,
    Id(
        "list",
    ),
    Lt,
    Id(
        "int",
    ),
    Gt,
    OpenParen,
    CloseParen,
    NewLine,
    Let,
    Id(
        "emptyMap",
    ),
    Eq,
    Id(
        "map",
    ),
    Lt,
    Id(
        "string",
    ),
    Comma,
    Id(
        "int",
    ),
    Gt,
    OpenParen,
    CloseParen,
    NewLine,
]
