---
source: tests/lexer_integration.rs
expression: "format!(\"{:#?}\", actual_token_types.to_owned())"
---
[
    LineComment(
        "Imports",
    ),
    NewLine,
    Import,
    Id(
        "math",
    ),
    NewLine,
    Import,
    Id(
        "utils",
    ),
    Dot,
    Id(
        "logger",
    ),
    As,
    Underscore,
    NewLine,
    NewLine,
    Auto,
    Id(
        "pi",
    ),
    Eq,
    Id(
        "math",
    ),
    Dot,
    Id(
        "PI",
    ),
    NewLine,
    Id(
        "print",
    ),
    OpenParen,
    Str(
        "PI = ",
    ),
    Plus,
    Id(
        "pi",
    ),
    CloseParen,
    NewLine,
]
