---
source: tests/source_integration.rs
expression: "format!(\"{:#?}\", expected)"
---
"// Imports\nimport math\nimport utils.logger as _\n\nauto pi = math.PI\nprint(\"PI = \" + pi)\n"
