---
source: tests/source_integration.rs
expression: "format!(\"{:#?}\", expected)"
---
"// Test forward referencing: mutual recursion\nimport std.print\n\nfn even(int n) returns bool {\n    if n == 0 {\n        return true\n    } else {\n        return odd(n - 1)\n    }\n}\n\nfn odd(int n) returns bool {\n    if n == 0 {\n        return false\n    } else {\n        return even(n - 1)\n    }\n}\n\nfn main() returns void {\n    print(even(4))\n    print(odd(5))\n}\n"
