---
source: tests/source_integration.rs
expression: "format!(\"{:#?}\", expected)"
---
"// Collections\nauto nums = [1, 2, 3, 4]\nauto scores = {\"Alice\": 90, \"Bob\": 85}\nauto matrix = [[1, 2], [3, 4]]\n\nmap<string, float> avgs = {\"Alice\": 90, \"Bob\": 85}\nlist<list<int>> grid = [[1, 2], [3, 4]]\n"
