---
source: tests/source_integration.rs
expression: "format!(\"{:#?}\", expected)"
---
"// Variable declarations and type inference\nconst int MAX = 100\nint explicit = 42\nauto inferred = 4.89\nauto name = \"Mux\"\n\nauto flag = true\nauto otherflag = false\n"
